[INFO] Scanning for projects...
[INFO]
[INFO] ---------------< br.com.aegispatrimonio:aegispatrimonio >---------------
[INFO] Building aegispatispatrimonio 0.0.1-SNAPSHOT
[INFO]   from pom.xml
[INFO] --------------------------------[ jar ]---------------------------------
[INFO]
[INFO] --- jacoco:0.8.13:prepare-agent (prepare-agent) @ aegispatrimonio ---
[INFO] argLine set to -javaagent:/home/jules/.m2/repository/org/jacoco/org.jacoco.agent/0.8.13/org.jacoco.agent-0.8.13-runtime.jar=destfile=/app/target/jacoco.exec,excludes=**/br/com/aegispatrimonio/dto/**
[INFO]
[INFO] --- resources:3.3.1:resources (default-resources) @ aegispatrimonio ---
[INFO] Copying 2 resources from src/main/resources to target/classes
[INFO] Copying 10 resources from src/main/resources to target/classes
[INFO]
[INFO] --- compiler:3.13.0:compile (default-compile) @ aegispatrimonio ---
[INFO] Recompiling the module because of changed source code.
[INFO] Compiling 210 source files with javac [debug parameters release 21] to target/classes
[INFO] /app/src/main/java/br/com/aegispatrimonio/model/Funcionario.java: Some input files use or override a deprecated API.
[INFO] /app/src/main/java/br/com/aegispatrimonio/model/Funcionario.java: Recompile with -Xlint:deprecation for details.
[INFO] /app/src/main/java/br/com/aegispatrimonio/service/AuditService.java: /app/src/main/java/br/com/aegispatrimonio/service/AuditService.java uses unchecked or unsafe operations.
[INFO] /app/src/main/java/br/com/aegispatrimonio/service/AuditService.java: Recompile with -Xlint:unchecked for details.
[INFO] ------------------------------------------------------------------------
[INFO] BUILD SUCCESS
[INFO] ------------------------------------------------------------------------
[INFO] Total time:  18.361 s
[INFO] Finished at: 2026-01-26T16:34:51Z
[INFO] ------------------------------------------------------------------------
